ets Jun�ets Jun  8 2016 00:22:57

rst:0x1 (POWERON_RESET),boot:0x13 (SPI_FAST_FLASH_BOOT)
configsip: 0, SPIWP:0xee
clk_drv:0x00,q_drv:0x00,d_drv:0x00,cs0_drv:0x00,hd_drv:0x00,wp_drv:0x00
mode:DIO, clock div:2
load:0x3fff0030,len:6276
load:0x40078000,len:15716
load:0x40080400,len:4
ho 8 tail 4 room 4
load:0x40080404,len:3860
entry 0x4008063c
[0;32mI (30) boot: ESP-IDF v5.4-rc1-1-g25a1ad7e98 2nd stage bootloader[0m
[0;32mI (30) boot: compile time Apr 20 2026 18:58:52[0m
[0;32mI (30) boot: Multicore bootloader[0m
[0;32mI (33) boot: chip revision: v1.1[0m
[0;32mI (36) boot.esp32: SPI Speed      : 40MHz[0m
[0;32mI (39) boot.esp32: SPI Mode       : DIO[0m
[0;32mI (43) boot.esp32: SPI Flash Size : 4MB[0m
[0;32mI (47) boot: Enabling RNG early entropy source...[0m
[0;32mI (51) boot: Partition Table:[0m
[0;32mI (54) boot: ## Label            Usage          Type ST Offset   Length[0m
[0;32mI (60) boot:  0 nvs              WiFi data        01 02 00009000 00006000[0m
[0;32mI (67) boot:  1 otadata          OTA data         01 00 0000f000 00002000[0m
[0;32mI (73) boot:  2 phy_init         RF data          01 01 00011000 00001000[0m
[0;32mI (80) boot:  3 factory          factory app      00 00 00020000 00180000[0m
[0;32mI (86) boot:  4 storage          Unknown data     01 82 001a0000 00260000[0m
[0;32mI (93) boot: End of partition table[0m
[0;32mI (96) boot: Defaulting to factory image[0m
[0;32mI (99) esp_image: segment 0: paddr=00020020 vaddr=3f400020 size=135dch ( 79324) map[0m
[0;32mI (134) esp_image: segment 1: paddr=00033604 vaddr=3ff80000 size=0001ch (    28) load[0m
[0;32mI (134) esp_image: segment 2: paddr=00033628 vaddr=3ffb0000 size=04be0h ( 19424) load[0m
[0;32mI (145) esp_image: segment 3: paddr=00038210 vaddr=40080000 size=07e08h ( 32264) load[0m
[0;32mI (158) esp_image: segment 4: paddr=00040020 vaddr=400d0020 size=28fb4h (167860) map[0m
[0;32mI (216) esp_image: segment 5: paddr=00068fdc vaddr=40087e08 size=09948h ( 39240) load[0m
[0;32mI (240) boot: Loaded app from partition at offset 0x20000[0m
[0;32mI (240) boot: Disabling RNG early entropy source...[0m
[0;32mI (251) quad_psram: This chip is ESP32-D0WD[0m
[0;32mI (252) esp_psram: Found 8MB PSRAM device[0m
[0;32mI (252) esp_psram: Speed: 40MHz[0m
[0;32mI (252) esp_psram: PSRAM initialized, cache is in low/high (2-core) mode.[0m
[0;33mW (258) esp_psram: Virtual address not enough for PSRAM, map as much as we can. 4MB is mapped[0m
[0;32mI (266) cpu_start: Multicore app[0m
[0;32mI (1172) esp_psram: SPI SRAM memory test OK[0m
[0;32mI (1180) cpu_start: Pro cpu start user code[0m
[0;32mI (1180) cpu_start: cpu freq: 160000000 Hz[0m
[0;32mI (1180) app_init: Application information:[0m
[0;32mI (1180) app_init: Project name:     edgeguard[0m
[0;32mI (1184) app_init: App version:      9daf915-dirty[0m
[0;32mI (1189) app_init: Compile time:     Apr 20 2026 18:56:14[0m
[0;32mI (1194) app_init: ELF file SHA256:  b7447d6ec...[0m
[0;32mI (1198) app_init: ESP-IDF:          v5.4-rc1-1-g25a1ad7e98[0m
[0;32mI (1204) efuse_init: Min chip rev:     v0.0[0m
[0;32mI (1208) efuse_init: Max chip rev:     v3.99 [0m
[0;32mI (1212) efuse_init: Chip rev:         v1.1[0m
[0;32mI (1216) heap_init: Initializing. RAM available for dynamic allocation:[0m
[0;32mI (1222) heap_init: At 3FFAE6E0 len 00001920 (6 KiB): DRAM[0m
[0;32mI (1227) heap_init: At 3FFB5E28 len 0002A1D8 (168 KiB): DRAM[0m
[0;32mI (1232) heap_init: At 3FFE0440 len 00003AE0 (14 KiB): D/IRAM[0m
[0;32mI (1238) heap_init: At 3FFE4350 len 0001BCB0 (111 KiB): D/IRAM[0m
[0;32mI (1244) heap_init: At 40091750 len 0000E8B0 (58 KiB): IRAM[0m
[0;32mI (1249) esp_psram: Adding pool of 4096K of PSRAM memory to heap allocator[0m
[0;32mI (1257) spi_flash: detected chip: generic[0m
[0;32mI (1259) spi_flash: flash io: dio[0m
[0;32mI (1263) main_task: Started on CPU0[0m
[0;32mI (1273) esp_psram: Reserving pool of 32K of internal memory for DMA/internal allocations[0m
[0;32mI (1273) main_task: Calling app_main()[0m
[0;32mI (1273) edgeguard_main: booting EdgeGuard v0.1.0[0m
[0;32mI (1273) app_state: state initialized[0m
[0;32mI (1283) storage: initialized (scaffold)[0m
[0;32mI (1283) led_alert: initialized (scaffold)[0m
[0;32mI (1283) camera_service: PSRAM initialized: yes[0m
[0;32mI (1293) camera_service: camera config: pixel_format=4 frame_size=6 jpeg_quality=12 fb_count=2[0m
[0;32mI (1303) gpio: GPIO[25]| InputEn: 1| OutputEn: 0| OpenDrain: 0| Pullup: 1| Pulldown: 0| Intr:2 [0m
[0;32mI (1313) cam_hal: cam init ok[0m
[0;32mI (1313) sccb-ng: pin_sda 26 pin_scl 27[0m
[0;32mI (1313) sccb-ng: sccb_i2c_port=1[0m
[0;32mI (1323) gpio: GPIO[32]| InputEn: 0| OutputEn: 1| OpenDrain: 0| Pullup: 0| Pulldown: 0| Intr:0 [0m
[0;32mI (1353) camera: Camera PID=0x26 VER=0x42 MIDL=0x7f MIDH=0xa2[0m
[0;32mI (1353) camera: Detected OV2640 camera[0m
[0;32mI (1353) camera: Detected camera at address=0x30[0m
[0;32mI (1423) cam_hal: PSRAM DMA mode disabled[0m
[0;32mI (1423) cam_hal: buffer_size: 32768, half_buffer_size: 4096, node_buffer_size: 2048, node_cnt: 16, total_cnt: 3[0m
[0;32mI (1433) cam_hal: Allocating 15360 Byte frame buffer in PSRAM[0m
[0;32mI (1433) cam_hal: Allocating 15360 Byte frame buffer in PSRAM[0m
[0;32mI (1443) cam_hal: cam config ok[0m
[0;32mI (1443) ov2640: Set PLL: clk_2x: 0, clk_div: 0, pclk_auto: 0, pclk_div: 8[0m
[0;32mI (1523) camera_service: camera initialized successfully[0m
[0;32mI (1543) camera_service: capture ok: 320x240 len=4804 format=4 time=23029 us[0m
[0;32mI (1543) inference_engine: initialized (scaffold)[0m
[0;32mI (1543) event_manager: initialized (scaffold)[0m
[0;32mI (1543) network_manager: initialized (scaffold)[0m
[0;32mI (1553) mqtt_service: initialized (scaffold)[0m
[0;32mI (1553) web_server: initialized (scaffold)[0m
[0;32mI (1563) edgeguard_main: heartbeat | wifi=0 mqtt=0 alert=0 events=0 threshold=0.75 last_conf=0.00 uptime=0s[0m
[0;32mI (1573) edgeguard_main: system initialized[0m
[0;32mI (1573) main_task: Returned from app_main()[0m
[0;32mI (6573) edgeguard_main: heartbeat | wifi=0 mqtt=0 alert=0 events=0 threshold=0.75 last_conf=0.00 uptime=5s[0m
[0;32mI (11573) edgeguard_main: heartbeat | wifi=0 mqtt=0 alert=0 events=0 threshold=0.75 last_conf=0.00 uptime=10s[0m
[0;32mI (16573) edgeguard_main: heartbeat | wifi=0 mqtt=0 alert=0 events=0 threshold=0.75 last_conf=0.00 uptime=15s[0m
[0;32mI (21573) edgeguard_main: heartbeat | wifi=0 mqtt=0 alert=0 events=0 threshold=0.75 last_conf=0.00 uptime=20s[0m
[0;32mI (26573) edgeguard_main: heartbeat | wifi=0 mqtt=0 alert=0 events=0 threshold=0.75 last_conf=0.00 uptime=25s[0m
[0;32mI (31573) edgeguard_main: heartbeat | wifi=0 mqtt=0 alert=0 events=0 threshold=0.75 last_conf=0.00 uptime=30s[0m
[0;32mI (36573) edgeguard_main: heartbeat | wifi=0 mqtt=0 alert=0 events=0 threshold=0.75 last_conf=0.00 uptime=35s[0m
[0;32mI (41573) edgeguard_main: heartbeat | wifi=0 mqtt=0 alert=0 events=0 threshold=0.75 last_conf=0.00 uptime=40s[0m
[0;32mI (46573) edgeguard_main: heartbeat | wifi=0 mqtt=0 alert=0 events=0 threshold=0.75 last_conf=0.00 uptime=45s[0m
[0;32mI (51573) edgeguard_main: heartbeat | wifi=0 mqtt=0 alert=0 events=0 threshold=0.75 last_conf=0.00 uptime=50s[0m
[0;32mI (56573) edgeguard_main: heartbeat | wifi=0 mqtt=0 alert=0 events=0 threshold=0.75 last_conf=0.00 uptime=55s[0m
[0;32mI (61573) edgeguard_main: heartbeat | wifi=0 mqtt=0 alert=0 events=0 threshold=0.75 last_conf=0.00 uptime=60s[0m
[0;32mI (66573) edgeguard_main: heartbeat | wifi=0 mqtt=0 alert=0 events=0 threshold=0.75 last_conf=0.00 uptime=65s[0m
[0;32mI (71573) edgeguard_main: heartbeat | wifi=0 mqtt=0 alert=0 events=0 threshold=0.75 last_conf=0.00 uptime=70s[0m
[0;32mI (76573) edgeguard_main: heartbeat | wifi=0 mqtt=0 alert=0 events=0 threshold=0.75 last_conf=0.00 uptime=75s[0m
[0;32mI (81573) edgeguard_main: heartbeat | wifi=0 mqtt=0 alert=0 events=0 threshold=0.75 last_conf=0.00 uptime=80s[0m
[0;32mI (86573) edgeguard_main: heartbeat | wifi=0 mqtt=0 alert=0 events=0 threshold=0.75 last_conf=0.00 uptime=85s[0m
[0;32mI (91573) edgeguard_main: heartbeat | wifi=0 mqtt=0 alert=0 events=0 threshold=0.75 last_conf=0.00 uptime=90s[0m
[0;32mI (96573) edgeguard_main: heartbeat | wifi=0 mqtt=0 alert=0 events=0 threshold=0.75 last_conf=0.00 uptime=95s[0m
[0;32mI (101573) edgeguard_main: heartbeat | wifi=0 mqtt=0 alert=0 events=0 threshold=0.75 last_conf=0.00 uptime=100s[0m
[0;32mI (106573) edgeguard_main: heartbeat | wifi=0 mqtt=0 alert=0 events=0 threshold=0.75 last_conf=0.00 uptime=105s[0m
[0;32mI (111573) edgeguard_main: heartbeat | wifi=0 mqtt=0 alert=0 events=0 threshold=0.75 last_conf=0.00 uptime=110s[0m
[0;32mI (116573) edgeguard_main: heartbeat | wifi=0 mqtt=0 alert=0 events=0 threshold=0.75 last_conf=0.00 uptime=115s[0m
[0;32mI (121573) edgeguard_main: heartbeat | wifi=0 mqtt=0 alert=0 events=0 threshold=0.75 last_conf=0.00 uptime=120s[0m
[0;32mI (126573) edgeguard_main: heartbeat | wifi=0 mqtt=0 alert=0 events=0 threshold=0.75 last_conf=0.00 uptime=125s[0m
[0;32mI (131573) edgeguard_main: heartbeat | wifi=0 mqtt=0 alert=0 events=0 threshold=0.75 last_conf=0.00 uptime=130s[0m
[0;32mI (136573) edgeguard_main: heartbeat | wifi=0 mqtt=0 alert=0 events=0 threshold=0.75 last_conf=0.00 uptime=135s[0m
[0;32mI (141573) edgeguard_main: heartbeat | wifi=0 mqtt=0 alert=0 events=0 threshold=0.75 last_conf=0.00 uptime=140s[0m
[0;32mI (146573) edgeguard_main: heartbeat | wifi=0 mqtt=0 alert=0 events=0 threshold=0.75 last_conf=0.00 uptime=145s[0m
[0;32mI (151573) edgeguard_main: heartbeat | wifi=0 mqtt=0 alert=0 events=0 threshold=0.75 last_conf=0.00 uptime=150s[0m
[0;32mI (156573) edgeguard_main: heartbeat | wifi=0 mqtt=0 alert=0 events=0 threshold=0.75 last_conf=0.00 uptime=155s[0m
[0;32mI (161573) edgeguard_main: heartbeat | wifi=0 mqtt=0 alert=0 events=0 threshold=0.75 last_conf=0.00 uptime=160s[0m
[0;32mI (166573) edgeguard_main: heartbeat | wifi=0 mqtt=0 alert=0 events=0 threshold=0.75 last_conf=0.00 uptime=165s[0m
[0;32mI (171573) edgeguard_main: heartbeat | wifi=0 mqtt=0 alert=0 events=0 threshold=0.75 last_conf=0.00 uptime=170s[0m
[0;32mI (176573) edgeguard_main: heartbeat | wifi=0 mqtt=0 alert=0 events=0 threshold=0.75 last_conf=0.00 uptime=175s[0m
[0;32mI (181573) edgeguard_main: heartbeat | wifi=0 mqtt=0 alert=0 events=0 threshold=0.75 last_conf=0.00 uptime=180s[0m
[0;32mI (186573) edgeguard_main: heartbeat | wifi=0 mqtt=0 alert=0 events=0 threshold=0.75 last_conf=0.00 uptime=185s[0m
[0;32mI (191573) edgeguard_main: heartbeat | wifi=0 mqtt=0 alert=0 events=0 threshold=0.75 last_conf=0.00 uptime=190s[0m
[0;32mI (196573) edgeguard_main: heartbeat | wifi=0 mqtt=0 alert=0 events=0 threshold=0.75 last_conf=0.00 uptime=195s[0m
[0;32mI (201573) edgeguard_main: heartbeat | wifi=0 mqtt=0 alert=0 events=0 threshold=0.75 last_conf=0.00 uptime=200s[0m
[0;32mI (206573) edgeguard_main: heartbeat | wifi=0 mqtt=0 alert=0 events=0 threshold=0.75 last_conf=0.00 uptime=205s[0m
[0;32mI (211573) edgeguard_main: heartbeat | wifi=0 mqtt=0 alert=0 events=0 threshold=0.75 last_conf=0.00 uptime=210s[0m
[0;32mI (216573) edgeguard_main: heartbeat | wifi=0 mqtt=0 alert=0 events=0 threshold=0.75 last_conf=0.00 uptime=215s[0m
